// Jest Snapshot v1, https://goo.gl/fbAQLP

exports[`renders Input correctly 1`] = `
<div>
  <div
    class="Input"
  >
    <div
      class="eui-input"
    >
      <label>
        <div
          class="eui-input-tag"
        >
          Name
        </div>
        <div
          class="eui-input-item"
        >
          <input
            class="eui-input-item-input"
            placeholder="Your name"
            value=""
          />
          <svg
            aria-hidden="true"
            class="eui-icon eui-input-clear eui-icon-xs"
            fill="#fff"
          >
            <use
              xlink:href="#close"
            />
          </svg>
        </div>
      </label>
    </div>
    <div
      class="eui-input"
    >
      <label>
        <div
          class="eui-input-tag"
        >
          Password
        </div>
        <div
          class="eui-input-item"
        >
          <input
            autocomplete="password"
            class="eui-input-item-input"
            placeholder="Your Password"
            type="password"
            value=""
          />
          <svg
            aria-hidden="true"
            class="eui-icon eui-input-clear eui-icon-xs"
            fill="#fff"
          >
            <use
              xlink:href="#close"
            />
          </svg>
          <svg
            aria-hidden="true"
            class="eui-icon eui-input-eye eui-icon-s"
            fill="#333"
          >
            <use
              xlink:href="#eyeClose"
            />
          </svg>
        </div>
      </label>
    </div>
    <div
      class="eui-wingblank eui-wingblank-m"
    >
      <p>
        Name-value: 
        
        <br />
        Name-message: 
        name is empty
        <br />
        Name-validated: 
        False
      </p>
    </div>
    <div
      class="eui-wingblank eui-wingblank-m"
    >
      <p>
        Password: 
        
        <br />
        Password-message: 
        Min. 6 characters
        <br />
        Password-validated: 
        False
      </p>
    </div>
    <div
      class="eui-input eui-input-validated"
    >
      <label>
        <div
          class="eui-input-item"
        >
          Tagï¼š
          <input
            class="eui-input-item-input"
            placeholder="Tag before input"
            value=""
          />
          <svg
            aria-hidden="true"
            class="eui-icon eui-input-clear eui-icon-xs"
            fill="#fff"
          >
            <use
              xlink:href="#close"
            />
          </svg>
        </div>
      </label>
    </div>
    <div
      class="eui-input eui-input-validated"
    >
      <label>
        <div
          class="eui-input-tag"
        >
          Phone with arrow Icon
        </div>
        <div
          class="eui-input-item"
        >
          <input
            class="eui-input-item-input"
            maxlength="11"
            placeholder="Your phone"
            type="tel"
            value=""
          />
          <svg
            aria-hidden="true"
            class="eui-icon eui-input-clear eui-icon-xs"
            fill="#fff"
          >
            <use
              xlink:href="#close"
            />
          </svg>
          <svg
            aria-hidden="true"
            class="eui-icon eui-icon-s"
          >
            <use
              xlink:href="#arrow"
            />
          </svg>
        </div>
      </label>
    </div>
    <div
      class="eui-input eui-input-validated"
    >
      <label>
        <div
          class="eui-input-tag"
        >
          Disable
        </div>
        <div
          class="eui-input-item"
        >
          <input
            class="eui-input-item-input"
            disabled=""
            placeholder="Can't input value"
            value=""
          />
          <svg
            aria-hidden="true"
            class="eui-icon eui-input-clear eui-icon-xs"
            fill="#fff"
          >
            <use
              xlink:href="#close"
            />
          </svg>
        </div>
      </label>
    </div>
  </div>
</div>
`;
