// Jest Snapshot v1, https://goo.gl/fbAQLP

exports[`renders Icon correctly 1`] = `
<div>
  <div
    class="eui-wingblank Icon eui-wingblank-m"
  >
    <h4>
      Value
    </h4>
    <div
      class="Icon-value"
    >
      <div
        class="Icon-value-item"
      >
        <svg
          aria-hidden="true"
          class="eui-icon eui-icon-l"
        >
          <use
            xlink:href="#addCircle"
          />
        </svg>
        <p>
          addCircle
        </p>
      </div>
      <div
        class="Icon-value-item"
      >
        <svg
          aria-hidden="true"
          class="eui-icon eui-icon-l"
        >
          <use
            xlink:href="#alert"
          />
        </svg>
        <p>
          alert
        </p>
      </div>
      <div
        class="Icon-value-item"
      >
        <svg
          aria-hidden="true"
          class="eui-icon eui-icon-l"
        >
          <use
            xlink:href="#arrow"
          />
        </svg>
        <p>
          arrow
        </p>
      </div>
      <div
        class="Icon-value-item"
      >
        <svg
          aria-hidden="true"
          class="eui-icon eui-icon-l"
        >
          <use
            xlink:href="#check"
          />
        </svg>
        <p>
          check
        </p>
      </div>
      <div
        class="Icon-value-item"
      >
        <svg
          aria-hidden="true"
          class="eui-icon eui-icon-l"
        >
          <use
            xlink:href="#close"
          />
        </svg>
        <p>
          close
        </p>
      </div>
      <div
        class="Icon-value-item"
      >
        <svg
          aria-hidden="true"
          class="eui-icon eui-icon-l"
        >
          <use
            xlink:href="#closeFilled"
          />
        </svg>
        <p>
          closeFilled
        </p>
      </div>
      <div
        class="Icon-value-item"
      >
        <svg
          aria-hidden="true"
          class="eui-icon eui-icon-l"
        >
          <use
            xlink:href="#current"
          />
        </svg>
        <p>
          current
        </p>
      </div>
      <div
        class="Icon-value-item"
      >
        <svg
          aria-hidden="true"
          class="eui-icon eui-icon-l"
        >
          <use
            xlink:href="#delete"
          />
        </svg>
        <p>
          delete
        </p>
      </div>
      <div
        class="Icon-value-item"
      >
        <svg
          aria-hidden="true"
          class="eui-icon eui-icon-l"
        >
          <use
            xlink:href="#download"
          />
        </svg>
        <p>
          download
        </p>
      </div>
      <div
        class="Icon-value-item"
      >
        <svg
          aria-hidden="true"
          class="eui-icon eui-icon-l"
        >
          <use
            xlink:href="#edit"
          />
        </svg>
        <p>
          edit
        </p>
      </div>
      <div
        class="Icon-value-item"
      >
        <svg
          aria-hidden="true"
          class="eui-icon eui-icon-l"
        >
          <use
            xlink:href="#eyeClose"
          />
        </svg>
        <p>
          eyeClose
        </p>
      </div>
      <div
        class="Icon-value-item"
      >
        <svg
          aria-hidden="true"
          class="eui-icon eui-icon-l"
        >
          <use
            xlink:href="#eyeOpen"
          />
        </svg>
        <p>
          eyeOpen
        </p>
      </div>
      <div
        class="Icon-value-item"
      >
        <svg
          aria-hidden="true"
          class="eui-icon eui-icon-l eui-icon-loading"
        >
          <use
            xlink:href="#loading"
          />
        </svg>
        <p>
          loading
        </p>
      </div>
      <div
        class="Icon-value-item"
      >
        <svg
          aria-hidden="true"
          class="eui-icon eui-icon-l"
        >
          <use
            xlink:href="#more"
          />
        </svg>
        <p>
          more
        </p>
      </div>
      <div
        class="Icon-value-item"
      >
        <svg
          aria-hidden="true"
          class="eui-icon eui-icon-l"
        >
          <use
            xlink:href="#plus"
          />
        </svg>
        <p>
          plus
        </p>
      </div>
      <div
        class="Icon-value-item"
      >
        <svg
          aria-hidden="true"
          class="eui-icon eui-icon-l"
        >
          <use
            xlink:href="#pwd"
          />
        </svg>
        <p>
          pwd
        </p>
      </div>
      <div
        class="Icon-value-item"
      >
        <svg
          aria-hidden="true"
          class="eui-icon eui-icon-l"
        >
          <use
            xlink:href="#pwdOpen"
          />
        </svg>
        <p>
          pwdOpen
        </p>
      </div>
      <div
        class="Icon-value-item"
      >
        <svg
          aria-hidden="true"
          class="eui-icon eui-icon-l"
        >
          <use
            xlink:href="#rarrow"
          />
        </svg>
        <p>
          rarrow
        </p>
      </div>
      <div
        class="Icon-value-item"
      >
        <svg
          aria-hidden="true"
          class="eui-icon eui-icon-l"
        >
          <use
            xlink:href="#remind"
          />
        </svg>
        <p>
          remind
        </p>
      </div>
      <div
        class="Icon-value-item"
      >
        <svg
          aria-hidden="true"
          class="eui-icon eui-icon-l"
        >
          <use
            xlink:href="#selected"
          />
        </svg>
        <p>
          selected
        </p>
      </div>
      <div
        class="Icon-value-item"
      >
        <svg
          aria-hidden="true"
          class="eui-icon eui-icon-l"
        >
          <use
            xlink:href="#share"
          />
        </svg>
        <p>
          share
        </p>
      </div>
      <div
        class="Icon-value-item"
      >
        <svg
          aria-hidden="true"
          class="eui-icon eui-icon-l"
        >
          <use
            xlink:href="#successful"
          />
        </svg>
        <p>
          successful
        </p>
      </div>
      <div
        class="Icon-value-item"
      >
        <svg
          aria-hidden="true"
          class="eui-icon eui-icon-l"
        >
          <use
            xlink:href="#time"
          />
        </svg>
        <p>
          time
        </p>
      </div>
      <div
        class="Icon-value-item"
      >
        <svg
          aria-hidden="true"
          class="eui-icon eui-icon-l"
        >
          <use
            xlink:href="#tip"
          />
        </svg>
        <p>
          tip
        </p>
      </div>
      <div
        class="Icon-value-item"
      >
        <svg
          aria-hidden="true"
          class="eui-icon eui-icon-l"
        >
          <use
            xlink:href="#uncheck"
          />
        </svg>
        <p>
          uncheck
        </p>
      </div>
    </div>
    <h4>
      Size
    </h4>
    <div
      class="Icon-size"
    >
      <div
        class="Icon-size-item"
      >
        <svg
          aria-hidden="true"
          class="eui-icon eui-icon-xs"
        >
          <use
            xlink:href="#addCircle"
          />
        </svg>
        <p>
          xs
        </p>
      </div>
      <div
        class="Icon-size-item"
      >
        <svg
          aria-hidden="true"
          class="eui-icon eui-icon-s"
        >
          <use
            xlink:href="#addCircle"
          />
        </svg>
        <p>
          s
        </p>
      </div>
      <div
        class="Icon-size-item"
      >
        <svg
          aria-hidden="true"
          class="eui-icon eui-icon-m"
        >
          <use
            xlink:href="#addCircle"
          />
        </svg>
        <p>
          m
        </p>
      </div>
      <div
        class="Icon-size-item"
      >
        <svg
          aria-hidden="true"
          class="eui-icon eui-icon-l"
        >
          <use
            xlink:href="#addCircle"
          />
        </svg>
        <p>
          l
        </p>
      </div>
      <div
        class="Icon-size-item"
      >
        <svg
          aria-hidden="true"
          class="eui-icon eui-icon-xl"
        >
          <use
            xlink:href="#addCircle"
          />
        </svg>
        <p>
          xl
        </p>
      </div>
    </div>
    <h4>
      Fill
    </h4>
    <div
      class="Icon-fill"
    >
      <div
        class="Icon-fill-item"
      >
        <svg
          aria-hidden="true"
          class="eui-icon eui-icon-l"
          fill="red"
        >
          <use
            xlink:href="#close"
          />
        </svg>
        <p>
          red
        </p>
      </div>
      <div
        class="Icon-fill-item"
      >
        <svg
          aria-hidden="true"
          class="eui-icon eui-icon-l"
          fill="orange"
        >
          <use
            xlink:href="#close"
          />
        </svg>
        <p>
          orange
        </p>
      </div>
      <div
        class="Icon-fill-item"
      >
        <svg
          aria-hidden="true"
          class="eui-icon eui-icon-l"
          fill="yellow"
        >
          <use
            xlink:href="#close"
          />
        </svg>
        <p>
          yellow
        </p>
      </div>
      <div
        class="Icon-fill-item"
      >
        <svg
          aria-hidden="true"
          class="eui-icon eui-icon-l"
          fill="green"
        >
          <use
            xlink:href="#close"
          />
        </svg>
        <p>
          green
        </p>
      </div>
      <div
        class="Icon-fill-item"
      >
        <svg
          aria-hidden="true"
          class="eui-icon eui-icon-l"
          fill="blue"
        >
          <use
            xlink:href="#close"
          />
        </svg>
        <p>
          blue
        </p>
      </div>
    </div>
  </div>
</div>
`;
