// Jest Snapshot v1, https://goo.gl/fbAQLP

exports[`renders Badge correctly 1`] = `
<div>
  <div
    class="Badge"
  >
    <span
      class="eui-badge"
    >
      <span
        style="width: 26px; height: 26px; background: rgb(221, 221, 221); display: inline-block;"
      />
      <sup
        class="eui-badge-dot"
      />
    </span>
    <div>
      <span
        class="eui-badge"
      >
        <span
          style="width: 26px; height: 26px; background: rgb(221, 221, 221); display: inline-block;"
        />
        <sup
          class="eui-badge-text"
        >
          10+
        </sup>
      </span>
    </div>
    <div>
      <span
        class="eui-badge"
      >
        <span
          style="width: 26px; height: 26px; background: rgb(221, 221, 221); display: inline-block;"
        />
        <sup
          class="eui-badge-text"
        >
          9
        </sup>
      </span>
    </div>
    <div>
      <span
        class="eui-badge"
      >
        <span
          style="width: 26px; height: 26px; background: rgb(221, 221, 221); display: inline-block;"
        />
      </span>
    </div>
    <div>
      <span
        class="eui-badge my-corner eui-badge-corner-wrapper"
      >
        <div
          class="corner-badge"
          style="height: 71px;"
        >
          Use corner prop
        </div>
        <sup
          class="eui-badge-corner"
        >
          คูปองใหม่
        </sup>
      </span>
    </div>
  </div>
</div>
`;
