// Jest Snapshot v1, https://goo.gl/fbAQLP

exports[`renders Portal correctly 1`] = `
<div>
  <div
    class="eui-wingblank Portal eui-wingblank-m"
  >
    <div />
  </div>
</div>
`;
