// Jest Snapshot v1, https://goo.gl/fbAQLP

exports[`Toast base snapshot about show and close: close: object = default 1`] = `
<body>
  
  
  

  <div>
    <div />
  </div>
  <div />
</body>
`;

exports[`Toast base snapshot about show and close: show: object = default 1`] = `
<body>
  
  
  

  <div>
    <div />
  </div>
  <div />
  <div>
    <div
      class="eui-cover eui-cover-transparent eui-fade-entry-done eui-fade"
    />
    <div
      class="eui-toast eui-toast-alert eui-fade-entry-done eui-fade"
    >
      <svg
        aria-hidden="true"
        class="eui-icon eui-icon-xl"
        fill="#fff"
      >
        <use
          xlink:href="#alert"
        />
      </svg>
    </div>
  </div>
  <div>
    <div
      class="eui-cover eui-cover-transparent eui-fade-entry-done eui-fade"
    />
    <div
      class="eui-toast eui-toast-success eui-fade-entry-done eui-fade"
    >
      <svg
        aria-hidden="true"
        class="eui-icon eui-icon-xl"
        fill="#fff"
      >
        <use
          xlink:href="#successful"
        />
      </svg>
    </div>
  </div>
</body>
`;

exports[`Toast base snapshot about show and close: show: object has value 1`] = `
<body>
  
  
  

  
  
  

  <div>
    <div />
  </div>
  <div />
  <div>
    <div
      class="eui-cover eui-cover-transparent eui-fade-entry-done eui-fade"
    />
    <div
      class="eui-toast eui-fade-entry-done eui-fade"
    >
      model
    </div>
  </div>
  <div>
    <div
      class="eui-cover eui-cover-transparent eui-fade-entry-done eui-fade"
    />
    <div
      class="eui-toast eui-toast-success eui-fade-entry-done eui-fade"
    >
      <svg
        aria-hidden="true"
        class="eui-icon eui-icon-xl"
        fill="#fff"
      >
        <use
          xlink:href="#successful"
        />
      </svg>
      <div
        class="eui-whitespace eui-whitespace-l"
      />
      success
    </div>
  </div>
  <div>
    <div
      class="eui-cover eui-cover-transparent eui-fade-entry-done eui-fade"
    />
    <div
      class="eui-toast eui-toast-alert eui-fade-entry-done eui-fade"
    >
      <svg
        aria-hidden="true"
        class="eui-icon eui-icon-xl"
        fill="#fff"
      >
        <use
          xlink:href="#alert"
        />
      </svg>
      <div
        class="eui-whitespace eui-whitespace-l"
      />
      alert
    </div>
  </div>
  <div>
    <div
      class="eui-cover eui-cover-transparent eui-fade-entry-done eui-fade"
    />
    <div
      class="eui-toast eui-toast-loading eui-fade-entry-done eui-fade"
    >
      <svg
        aria-hidden="true"
        class="eui-icon eui-icon-xl eui-icon-loading"
        fill="#fff"
      >
        <use
          xlink:href="#loading"
        />
      </svg>
    </div>
  </div>
</body>
`;

exports[`Toast base: show base 1`] = `
<body>
  
  
  

  
  
  

  
  
  

  <div />
  <div
    class="eui-cover eui-cover-transparent eui-fade-entry-done eui-fade"
  />
  <div
    class="eui-toast eui-fade-entry-done eui-fade"
  >
    toastTxt
  </div>
</body>
`;
